// Jest Snapshot v1, https://goo.gl/fbAQLP

exports[`<SearchFilm/> should equals to snapshot of SearchFilm isShowAddPage is true 1`] = `
Array [
  <div
    className="sc-EHOje dACVym"
  >
    <section
      className="sc-bxivhb bjzxkO"
    >
      <div
        className="modal"
      >
        <section
          className="modal-main"
        >
          <div
            className="sc-htpNat iQwqzL"
          >
            <form
              className=""
            >
              <div
                className="sc-bwzfXH kbQCzJ"
              >
                <button
                  className="close"
                  onClick={[Function]}
                  type="button"
                >
                  <span>
                    Ã—
                  </span>
                </button>
                <h2>
                  Add movie
                </h2>
              </div>
              <div
                className="Add movie form-group"
              >
                <label
                  className="form-label"
                >
                  Title
                </label>
                <input
                  className="form-control"
                  name="title"
                  onBlur={[Function]}
                  onChange={[Function]}
                  placeholder="Title"
                  type="title"
                  value=""
                />
                <label
                  className="form-label"
                >
                  Release date
                </label>
                <input
                  className="form-control"
                  name="date"
                  onBlur={[Function]}
                  onChange={[Function]}
                  placeholder="Select Date"
                  type="date"
                  value=""
                />
                <label
                  className="form-label"
                >
                  Movie URL
                </label>
                <input
                  className="form-control"
                  name="url"
                  onBlur={[Function]}
                  onChange={[Function]}
                  placeholder="Movie URL here"
                  type="url"
                  value=""
                />
                <label
                  className="form-label"
                >
                  Example select
                </label>
                <div
                  className="select css-2b097c-container"
                  onKeyDown={[Function]}
                >
                  <div
                    className=" css-yk16xz-control"
                    onMouseDown={[Function]}
                    onTouchEnd={[Function]}
                  >
                    <div
                      className=" css-g1d714-ValueContainer"
                    >
                      <div
                        className=" css-1wa3eu0-placeholder"
                      >
                        Select Genre
                      </div>
                      <div
                        className="css-b8ldur-Input"
                      >
                        <div
                          className=""
                          style={
                            Object {
                              "display": "inline-block",
                            }
                          }
                        >
                          <input
                            aria-autocomplete="list"
                            autoCapitalize="none"
                            autoComplete="off"
                            autoCorrect="off"
                            disabled={false}
                            id="react-select-2-input"
                            onBlur={[Function]}
                            onChange={[Function]}
                            onFocus={[Function]}
                            spellCheck="false"
                            style={
                              Object {
                                "background": 0,
                                "border": 0,
                                "boxSizing": "content-box",
                                "color": "inherit",
                                "fontSize": "inherit",
                                "label": "input",
                                "opacity": 1,
                                "outline": 0,
                                "padding": 0,
                                "width": "1px",
                              }
                            }
                            tabIndex="0"
                            type="text"
                            value=""
                          />
                          <div
                            style={
                              Object {
                                "height": 0,
                                "left": 0,
                                "overflow": "scroll",
                                "position": "absolute",
                                "top": 0,
                                "visibility": "hidden",
                                "whiteSpace": "pre",
                              }
                            }
                          >
                            
                          </div>
                        </div>
                      </div>
                    </div>
                    <div
                      className=" css-1hb7zxy-IndicatorsContainer"
                    >
                      <span
                        className=" css-1okebmr-indicatorSeparator"
                      />
                      <div
                        aria-hidden="true"
                        className=" css-tlfecz-indicatorContainer"
                        onMouseDown={[Function]}
                        onTouchEnd={[Function]}
                      >
                        <svg
                          aria-hidden="true"
                          className="css-6q0nyr-Svg"
                          focusable="false"
                          height={20}
                          viewBox="0 0 20 20"
                          width={20}
                        >
                          <path
                            d="M4.516 7.548c0.436-0.446 1.043-0.481 1.576 0l3.908 3.747 3.908-3.747c0.533-0.481 1.141-0.446 1.574 0 0.436 0.445 0.408 1.197 0 1.615-0.406 0.418-4.695 4.502-4.695 4.502-0.217 0.223-0.502 0.335-0.787 0.335s-0.57-0.112-0.789-0.335c0 0-4.287-4.084-4.695-4.502s-0.436-1.17 0-1.615z"
                          />
                        </svg>
                      </div>
                    </div>
                  </div>
                </div>
                <label
                  className="form-label"
                >
                  Overview
                </label>
                <input
                  className="form-control"
                  name="overview"
                  onBlur={[Function]}
                  onChange={[Function]}
                  placeholder="Overview here"
                  type="text"
                  value=""
                />
                <label
                  className="form-label"
                >
                  Runtime
                </label>
                <input
                  className="form-control"
                  name="runtime"
                  onBlur={[Function]}
                  onChange={[Function]}
                  placeholder="Runtime here"
                  type="number"
                  value=""
                />
              </div>
              <div
                className="sc-bdVaJa kYETlp"
              >
                <button
                  className="btn btn-primary"
                  disabled={false}
                  onClick={[Function]}
                  type="button"
                >
                  Reset
                </button>
                <button
                  className="btn btn-primary"
                  disabled={true}
                  onClick={[Function]}
                  type="button"
                >
                  Submit
                </button>
              </div>
            </form>
          </div>
        </section>
      </div>
    </section>
    <button
      className="add-movie btn btn-outline-danger"
      disabled={false}
      onClick={[Function]}
      type="button"
    >
      + Add movie
    </button>
    <h1>
      Find your movie
    </h1>
  </div>,
  <div
    className="sc-ifAKCX hOgznM mb-3 input-group"
  >
    <input
      className="form-control"
      defaultValue=""
      onChange={[Function]}
      placeholder="Please write the film name"
    />
    <div
      className="input-group-append"
    >
      <button
        className="btn btn-outline-danger"
        disabled={true}
        onClick={[Function]}
        type="button"
      >
        Search
      </button>
    </div>
  </div>,
]
`;

exports[`<SearchFilm/> should equals to snapshot of SearchFilm when isShowAddPage is false 1`] = `
Array [
  <div
    className="sc-EHOje dACVym"
  >
    <button
      className="add-movie btn btn-outline-danger"
      disabled={false}
      onClick={[Function]}
      type="button"
    >
      + Add movie
    </button>
    <h1>
      Find your movie
    </h1>
  </div>,
  <div
    className="sc-ifAKCX hOgznM mb-3 input-group"
  >
    <input
      className="form-control"
      defaultValue=""
      onChange={[Function]}
      placeholder="Please write the film name"
    />
    <div
      className="input-group-append"
    >
      <button
        className="btn btn-outline-danger"
        disabled={true}
        onClick={[Function]}
        type="button"
      >
        Search
      </button>
    </div>
  </div>,
]
`;
